Traceback (most recent call last):
  File "/usr/local/python/3.12.1/lib/python3.12/site-packages/jupyter_cache/executors/utils.py", line 58, in single_nb_execution
    executenb(
  File "/home/codespace/.local/lib/python3.12/site-packages/nbclient/client.py", line 1323, in execute
    return NotebookClient(nb=nb, resources=resources, km=km, **kwargs).execute()
           ^^^^^^^^^^^^^^^^^^^^^^^^^^^^^^^^^^^^^^^^^^^^^^^^^^^^^^^^^^^^^^^^^^^^^
  File "/home/codespace/.local/lib/python3.12/site-packages/jupyter_core/utils/__init__.py", line 165, in wrapped
    return loop.run_until_complete(inner)
           ^^^^^^^^^^^^^^^^^^^^^^^^^^^^^^
  File "/usr/local/python/3.12.1/lib/python3.12/asyncio/base_events.py", line 684, in run_until_complete
    return future.result()
           ^^^^^^^^^^^^^^^
  File "/home/codespace/.local/lib/python3.12/site-packages/nbclient/client.py", line 709, in async_execute
    await self.async_execute_cell(
  File "/home/codespace/.local/lib/python3.12/site-packages/nbclient/client.py", line 1062, in async_execute_cell
    await self._check_raise_for_error(cell, cell_index, exec_reply)
  File "/home/codespace/.local/lib/python3.12/site-packages/nbclient/client.py", line 918, in _check_raise_for_error
    raise CellExecutionError.from_cell_and_msg(cell, exec_reply_content)
nbclient.exceptions.CellExecutionError: An error occurred while executing the following cell:
------------------
import matplotlib.pyplot as plt

# Prompt user for image name​
image_name = input('Enter image name (with extension): ')
#base image: "images/spiderPete.jpg"
# Read the image using matplotlib​
image = plt.imread(image_name)

# Display the image​
plt.figure()
plt.imshow(image)
plt.title('Spider Pete')
plt.xlabel('It is a spider')  # Appropriate label
plt.ylabel('It is Pete')  # Appropriate label if needed

# Show the plot​

plt.show()
------------------


[31m---------------------------------------------------------------------------[39m
[31mStdinNotImplementedError[39m                  Traceback (most recent call last)
[36mCell[39m[36m [39m[32mIn[1][39m[32m, line 4[39m
[32m      1[39m [38;5;28;01mimport[39;00m matplotlib.pyplot [38;5;28;01mas[39;00m plt
[32m      2[39m 
[32m      3[39m [38;5;66;03m# Prompt user for image name​[39;00m
[32m----> [39m[32m4[39m image_name = input([33m'Enter image name (with extension): '[39m)
[32m      5[39m [38;5;66;03m#base image: "images/spiderPete.jpg"[39;00m
[32m      6[39m [38;5;66;03m# Read the image using matplotlib​[39;00m
[32m      7[39m image = plt.imread(image_name)

[36mFile [39m[32m~/.local/lib/python3.12/site-packages/ipykernel/kernelbase.py:1402[39m, in [36mKernel.raw_input[39m[34m(self, prompt)[39m
[32m   1400[39m [38;5;28;01mif[39;00m [38;5;129;01mnot[39;00m [38;5;28mself[39m._allow_stdin:
[32m   1401[39m     msg = [33m"[39m[33mraw_input was called, but this frontend does not support input requests.[39m[33m"[39m
[32m-> [39m[32m1402[39m     [38;5;28;01mraise[39;00m StdinNotImplementedError(msg)
[32m   1403[39m [38;5;28;01mreturn[39;00m [38;5;28mself[39m._input_request(
[32m   1404[39m     [38;5;28mstr[39m(prompt),
[32m   1405[39m     [38;5;28mself[39m._get_shell_context_var([38;5;28mself[39m._shell_parent_ident),
[32m   1406[39m     [38;5;28mself[39m.get_parent([33m"[39m[33mshell[39m[33m"[39m),
[32m   1407[39m     password=[38;5;28;01mFalse[39;00m,
[32m   1408[39m )

[31mStdinNotImplementedError[39m: raw_input was called, but this frontend does not support input requests.

