Traceback (most recent call last):
  File "/usr/local/python/3.12.1/lib/python3.12/site-packages/jupyter_cache/executors/utils.py", line 58, in single_nb_execution
    executenb(
  File "/home/codespace/.local/lib/python3.12/site-packages/nbclient/client.py", line 1323, in execute
    return NotebookClient(nb=nb, resources=resources, km=km, **kwargs).execute()
           ^^^^^^^^^^^^^^^^^^^^^^^^^^^^^^^^^^^^^^^^^^^^^^^^^^^^^^^^^^^^^^^^^^^^^
  File "/home/codespace/.local/lib/python3.12/site-packages/jupyter_core/utils/__init__.py", line 165, in wrapped
    return loop.run_until_complete(inner)
           ^^^^^^^^^^^^^^^^^^^^^^^^^^^^^^
  File "/usr/local/python/3.12.1/lib/python3.12/asyncio/base_events.py", line 684, in run_until_complete
    return future.result()
           ^^^^^^^^^^^^^^^
  File "/home/codespace/.local/lib/python3.12/site-packages/nbclient/client.py", line 709, in async_execute
    await self.async_execute_cell(
  File "/home/codespace/.local/lib/python3.12/site-packages/nbclient/client.py", line 1062, in async_execute_cell
    await self._check_raise_for_error(cell, cell_index, exec_reply)
  File "/home/codespace/.local/lib/python3.12/site-packages/nbclient/client.py", line 918, in _check_raise_for_error
    raise CellExecutionError.from_cell_and_msg(cell, exec_reply_content)
nbclient.exceptions.CellExecutionError: An error occurred while executing the following cell:
------------------
import matplotlib.pyplot as plt
import numpy as np

#setup your independent and dependent variables.  Lists or numpy arrays are reccomended.
x = np.array()
y = [1,3,5,7,8]

#plot using the plot function
plt.plot(x, y)

#Add your labels!
plt.title("Simple Plot")
plt.xlabel("x-axis")
plt.ylabel("y-axis")

#Don't forget to show your data
plt.show()

------------------


[31m---------------------------------------------------------------------------[39m
[31mTypeError[39m                                 Traceback (most recent call last)
[36mCell[39m[36m [39m[32mIn[1][39m[32m, line 5[39m
[32m      1[39m [38;5;28;01mimport[39;00m matplotlib.pyplot [38;5;28;01mas[39;00m plt
[32m      2[39m [38;5;28;01mimport[39;00m numpy [38;5;28;01mas[39;00m np
[32m      3[39m 
[32m      4[39m [38;5;66;03m#setup your independent and dependent variables.  Lists or numpy arrays are reccomended.[39;00m
[32m----> [39m[32m5[39m x = np.array()
[32m      6[39m y = [[32m1[39m,[32m3[39m,[32m5[39m,[32m7[39m,[32m8[39m]
[32m      7[39m 
[32m      8[39m [38;5;66;03m#plot using the plot function[39;00m

[31mTypeError[39m: array() missing required argument 'object' (pos 0)

